// Jest Snapshot v1, https://goo.gl/fbAQLP

exports[`test defaults: .editorconfig 1`] = `
"root = true

[*]
indent_style = space
indent_size = 2
end_of_line = lf
charset = utf-8
trim_trailing_whitespace = true
insert_final_newline = true

[*.md]
trim_trailing_whitespace = false
"
`;

exports[`test defaults: Generated files 1`] = `
Array [
  ".editorconfig",
  ".eslintrc.json",
  ".gitignore",
  ".npmrc",
  "LICENSE",
  "README.md",
  "package.json",
]
`;

exports[`test defaults: README.md 1`] = `
"# cloud

## License

MIT &copy; username
"
`;
